../Drivers/CMSIS/Include/core_cm7.h:2229:22:SCB_EnableICache	4	static,ignoring_inline_asm
../Drivers/CMSIS/Include/core_cm7.h:2281:22:SCB_EnableDCache	24	static,ignoring_inline_asm
../Core/Src/main.c:111:5:main	8	static
../Core/Src/main.c:189:6:SystemClock_Config	232	static
../Core/Src/main.c:251:6:doMotor	8	static
../Core/Src/main.c:262:6:play	8	static
../Core/Src/main.c:284:6:state0	24	static
../Core/Src/main.c:310:6:state1	24	static
../Core/Src/main.c:345:6:state2	80	static
../Core/Src/main.c:408:6:state3	80	static
../Core/Src/main.c:474:6:state4	40	static
../Core/Src/main.c:501:6:state5	64	static
../Core/Src/main.c:552:6:state6	16	static
../Core/Src/main.c:561:6:HAL_GPIO_EXTI_Callback	16	static
../Core/Src/main.c:578:6:HAL_UART_RxCpltCallback	24	static
../Core/Src/main.c:625:6:Error_Handler	4	static
