../Drivers/CMSIS/Include/core_cm7.h:2229:22:SCB_EnableICache	4	static,ignoring_inline_asm
../Drivers/CMSIS/Include/core_cm7.h:2281:22:SCB_EnableDCache	24	static,ignoring_inline_asm
../Core/Src/main.c:97:5:main	8	static
../Core/Src/main.c:173:6:SystemClock_Config	232	static
../Core/Src/main.c:230:6:doMotor	8	static
../Core/Src/main.c:241:6:play	16	static
../Core/Src/main.c:262:6:state0	24	static
../Core/Src/main.c:288:6:state1	24	static
../Core/Src/main.c:323:6:state2	80	static
../Core/Src/main.c:385:6:state3	80	static
../Core/Src/main.c:450:6:state4	40	static
../Core/Src/main.c:473:6:state5	64	static
../Core/Src/main.c:524:6:state6	16	static
../Core/Src/main.c:527:6:HAL_GPIO_EXTI_Callback	16	static
../Core/Src/main.c:544:6:Error_Handler	4	static
